../Core/Src/main.c:83:10:read_one_adc_value	24	static
../Core/Src/main.c:91:7:normalize_12bit	16	static
../Core/Src/main.c:94:7:normalize_12bit_posneg	16	static
../Core/Src/main.c:97:6:HAL_ADC_ConvCpltCallback	16	static
../Core/Src/main.c:111:5:main	40	static
../Core/Src/main.c:184:6:SystemClock_Config	96	static
../Core/Src/main.c:234:13:MX_ADC1_Init	32	static
../Core/Src/main.c:321:13:MX_I2C1_Init	8	static
../Core/Src/main.c:369:13:MX_TIM2_Init	40	static
../Core/Src/main.c:414:13:MX_USART2_UART_Init	8	static
../Core/Src/main.c:449:13:MX_GPIO_Init	48	static
../Core/Src/main.c:507:6:Error_Handler	4	static,ignoring_inline_asm
