../Core/Inc/abuzz.h:29:6:abuzz_start	8	static
../Core/Inc/abuzz.h:38:6:abuzz_stop	4	static
../Core/Inc/abuzz.h:45:6:abuzz_p_long	4	static
../Core/Inc/abuzz.h:52:6:abuzz_p_short	4	static
../Core/Src/main.c:65:5:is_blue_button_pushed	4	static
../Core/Src/main.c:68:6:HAL_TIM_PeriodElapsedCallback	16	static
../Core/Src/main.c:73:6:HAL_GPIO_EXTI_Callback	16	static
../Core/Src/main.c:93:5:main	16	static
../Core/Src/main.c:187:6:SystemClock_Config	96	static
../Core/Src/main.c:237:13:MX_TIM1_Init	112	static
../Core/Src/main.c:317:13:MX_TIM2_Init	64	static
../Core/Src/main.c:378:13:MX_USART2_UART_Init	8	static
../Core/Src/main.c:413:13:MX_GPIO_Init	48	static
../Core/Src/main.c:481:6:Error_Handler	4	static,ignoring_inline_asm
