../Core/Inc/abuzz.h:29:6:abuzz_start	8	static
../Core/Inc/abuzz.h:39:6:abuzz_stop	8	static
../Core/Inc/abuzz.h:48:6:abuzz_p_long	4	static
../Core/Inc/abuzz.h:55:6:abuzz_p_short	4	static
../Core/Src/main.c:63:5:is_blue_button_pushed	4	static
../Core/Src/main.c:67:6:HAL_TIM_PeriodElapsedCallback	16	static
../Core/Src/main.c:72:6:HAL_GPIO_EXTI_Callback	16	static
../Core/Src/main.c:92:5:main	16	static
../Core/Src/main.c:181:6:SystemClock_Config	96	static
../Core/Src/main.c:231:13:MX_TIM2_Init	64	static
../Core/Src/main.c:292:13:MX_USART2_UART_Init	8	static
../Core/Src/main.c:327:13:MX_GPIO_Init	48	static
../Core/Src/main.c:395:6:Error_Handler	4	static,ignoring_inline_asm
