../Core/Src/main.c:66:6:uart_print_menu	112	static
../Core/Src/main.c:72:5:uart_get_menu_choice	16	static
../Core/Src/main.c:84:6:uart_print_bad_choice	104	static
../Core/Src/main.c:93:6:HAL_TIM_PeriodElapsedCallback	16	static
../Core/Src/main.c:100:6:show_time	40	static
../Core/Src/main.c:111:6:clock_mode	16	static
../Core/Src/main.c:152:6:button_mode	16	static
../Core/Src/main.c:175:6:HAL_GPIO_EXTI_Callback	16	static
../Core/Src/main.c:188:5:main	8	static
../Core/Src/main.c:234:6:SystemClock_Config	96	static
../Core/Src/main.c:284:13:MX_TIM2_Init	40	static
../Core/Src/main.c:329:13:MX_USART2_UART_Init	8	static
../Core/Src/main.c:364:13:MX_GPIO_Init	48	static
../Core/Src/main.c:443:6:Error_Handler	4	static,ignoring_inline_asm
