../Core/Inc/abuzz.h:29:6:abuzz_start	4	static
../Core/Inc/abuzz.h:39:6:abuzz_stop	4	static
../Core/Inc/abuzz.h:46:6:abuzz_p_long	4	static
../Core/Inc/abuzz.h:53:6:abuzz_p_short	4	static
../Core/Src/main.c:69:6:set_traffic_lights	16	static
../Core/Src/main.c:132:6:evq_push_back	16	static
../Core/Src/main.c:140:12:evq_pop_front	16	static
../Core/Src/main.c:151:6:push_button_light_on	8	static
../Core/Src/main.c:154:6:push_button_light_off	8	static
../Core/Src/main.c:157:6:HAL_GPIO_EXTI_Callback	16	static
../Core/Src/main.c:163:6:my_systick_handler	8	static
../Core/Src/main.c:184:5:is_blue_button_pressed	4	static
../Core/Src/main.c:193:5:main	16	static
../Core/Src/main.c:357:6:SystemClock_Config	96	static
../Core/Src/main.c:407:13:MX_TIM2_Init	64	static
../Core/Src/main.c:466:13:MX_USART2_UART_Init	8	static
../Core/Src/main.c:501:13:MX_GPIO_Init	48	static
../Core/Src/main.c:573:6:Error_Handler	4	static,ignoring_inline_asm
