13:44:41 **** Incremental Build of configuration Debug for project labb1_tarning ****
make -j8 all 
arm-none-eabi-gcc "../Core/Src/main.c" -mcpu=cortex-m4 -std=gnu11 -g3 -DDEBUG -DUSE_HAL_DRIVER -DSTM32L433xx -c -I../Core/Inc -I../Drivers/STM32L4xx_HAL_Driver/Inc -I../Drivers/STM32L4xx_HAL_Driver/Inc/Legacy -I../Drivers/CMSIS/Device/ST/STM32L4xx/Include -I../Drivers/CMSIS/Include -O0 -ffunction-sections -fdata-sections -Wall -fstack-usage -fcyclomatic-complexity -MMD -MP -MF"Core/Src/main.d" -MT"Core/Src/main.o" --specs=nano.specs -mfpu=fpv4-sp-d16 -mfloat-abi=hard -mthumb -o "Core/Src/main.o"
arm-none-eabi-gcc -o "labb1_tarning.elf" @"objects.list"   -mcpu=cortex-m4 -T"C:\Users\almgr\Documents\GitHub\Enchipsdatorer_VT2025\labb1_tarning\STM32L433RCTXP_FLASH.ld" --specs=nosys.specs -Wl,-Map="labb1_tarning.map" -Wl,--gc-sections -static --specs=nano.specs -mfpu=fpv4-sp-d16 -mfloat-abi=hard -mthumb -Wl,--start-group -lc -lm -Wl,--end-group
Finished building target: labb1_tarning.elf
 
arm-none-eabi-size  labb1_tarning.elf 
arm-none-eabi-objdump -h -S labb1_tarning.elf  > "labb1_tarning.list"
   text	   data	    bss	    dec	    hex	filename
  16580	    104	   2040	  18724	   4924	labb1_tarning.elf
Finished building: default.size.stdout
 
Finished building: labb1_tarning.list
 

13:44:42 Build Finished. 0 errors, 0 warnings. (took 1s.248ms)

